--- STARTING VERIFICATION ---
Deleting existing DB for fresh verification...
[DB] Connecting to database at: C:\Users\donald clark\.gemini\antigravity\scratch\karaoke-box\karaoke.db
[DB] Starting schema init...
[DB] Schema initialized

[TEST 1] Song Creation
Created Song: a7cc7881-c9c7-4ad7-bd5d-9a4698eebbe8

[TEST 2] Job Idempotency
[JobManager] Inserting Job. Keys: [
  'id',
  'song_id',
  'kind',
  'state',
  'progress',
  'params_json',
  'idempotency_key',
  'inputs_hash',
  'created_at',
  'updated_at'
]
[JobManager] Job created: 81630434-4c2a-445d-8969-42554abb786e (test_job)
[JobManager] Job created: 81630434-4c2a-445d-8969-42554abb786e (test_job)
Result 1: {
  jobId: '81630434-4c2a-445d-8969-42554abb786e',
  state: 'queued',
  existing: false
}
[JobManager] Job deduplicated: 81630434-4c2a-445d-8969-42554abb786e (queued)
Result 2 (Should be existing): {
  jobId: '81630434-4c2a-445d-8969-42554abb786e',
  state: 'queued',
  existing: true,
  reused: true
}
PASS: Idempotency verified.

[TEST 3] Startup Recovery
RangeError: Missing named parameter "updated_at"
    at testHardening (file:///C:/Users/donald%20clark/.gemini/antigravity/scratch/karaoke-box/server/test-hardening.js:64:30)
